<<TESTOBJECT>>[***,***,***,***,***,***,***,***,***,***,***,***,***,***,***,***,<TestObject>,{true,false},true,{7,8},4,{B,C},A,Thu Jan 01 01:00:00 CET 1970,{3.141592653589793,2.718281828459045},3.141592653589793,{1.5707964,1.3591409},2.7182817,{3,4},{foo=13,bar=14,<null>=<null>},2,{1,2},1,<null>,{1,foo,<null>},{5,6},3,[foo,bar,<null>],string",int,<TestObject>,***,***,<<TESTOBJECT>>,***,***,***,***]