<<TESTOBJECT>>[booleanArray=***,booleanValue=***,byteArray=***,byteValue=***,charArray=***,charValue=***,dateValue=***,doubleArray=***,doubleValue=***,floatArray=***,floatValue=***,intArray=***,intMap=***,intValue=***,longArray=***,longValue=***,nested=<<NESTED>>[booleanArray=***,booleanValue=***,byteArray=***,byteValue=***,charArray=***,charValue=***,dateValue=***,doubleArray=***,doubleValue=***,floatArray=***,floatValue=***,intArray=***,intMap=***,intValue=***,longArray=***,longValue=***,nested=<null>,notMatchedBooleanArray={true,false},notMatchedBooleanValue=true,notMatchedByteArray={7,8},notMatchedByteValue=4,notMatchedCharArray={B,C},notMatchedCharValue=A,notMatchedDateValue=Thu Jan 01 01:00:00 CET 1970,notMatchedDoubleArray={3.141592653589793,2.718281828459045},notMatchedDoubleValue=3.141592653589793,notMatchedFloatArray={1.5707964,1.3591409},notMatchedFloatValue=2.7182817,notMatchedIntArray={3,4},notMatchedIntMap={foo=13,bar=14,<null>=<null>},notMatchedIntValue=2,notMatchedLongArray={1,2},notMatchedLongValue=1,notMatchedNullValue=<null>,notMatchedObjectArray={1,foo,<null>},notMatchedShortArray={5,6},notMatchedShortValue=3,notMatchedStringList=[foo,bar,<null>],notMatchedStringValue=string",int,notObfuscated=<null>,nullValue=***,objectArray=***,self=<<NESTED>>,shortArray=***,shortValue=***,stringList=***,stringValue=***],notMatchedBooleanArray={true,false},notMatchedBooleanValue=true,notMatchedByteArray={7,8},notMatchedByteValue=4,notMatchedCharArray={B,C},notMatchedCharValue=A,notMatchedDateValue=Thu Jan 01 01:00:00 CET 1970,notMatchedDoubleArray={3.141592653589793,2.718281828459045},notMatchedDoubleValue=3.141592653589793,notMatchedFloatArray={1.5707964,1.3591409},notMatchedFloatValue=2.7182817,notMatchedIntArray={3,4},notMatchedIntMap={foo=13,bar=14,<null>=<null>},notMatchedIntValue=2,notMatchedLongArray={1,2},notMatchedLongValue=1,notMatchedNullValue=<null>,notMatchedObjectArray={1,foo,<null>},notMatchedShortArray={5,6},notMatchedShortValue=3,notMatchedStringList=[foo,bar,<null>],notMatchedStringValue=string",int,notObfuscated=<<NOTOBFUSCATED>>[booleanArray={true,false},booleanValue=true,byteArray={7,8},byteValue=4,charArray={B,C},charValue=A,dateValue=Thu Jan 01 01:00:00 CET 1970,doubleArray={3.141592653589793,2.718281828459045},doubleValue=3.141592653589793,floatArray={1.5707964,1.3591409},floatValue=2.7182817,intArray={3,4},intMap={foo=13,bar=14,<null>=<null>},intValue=2,longArray={1,2},longValue=1,nested=<null>,notMatchedBooleanArray={true,false},notMatchedBooleanValue=true,notMatchedByteArray={7,8},notMatchedByteValue=4,notMatchedCharArray={B,C},notMatchedCharValue=A,notMatchedDateValue=Thu Jan 01 01:00:00 CET 1970,notMatchedDoubleArray={3.141592653589793,2.718281828459045},notMatchedDoubleValue=3.141592653589793,notMatchedFloatArray={1.5707964,1.3591409},notMatchedFloatValue=2.7182817,notMatchedIntArray={3,4},notMatchedIntMap={foo=13,bar=14,<null>=<null>},notMatchedIntValue=2,notMatchedLongArray={1,2},notMatchedLongValue=1,notMatchedNullValue=<null>,notMatchedObjectArray={1,foo,<null>},notMatchedShortArray={5,6},notMatchedShortValue=3,notMatchedStringList=[foo,bar,<null>],notMatchedStringValue=string",int,notObfuscated=<null>,nullValue=<null>,objectArray={1,foo,<null>},self=<<NOTOBFUSCATED>>,shortArray={5,6},shortValue=3,stringList=[foo,bar,<null>],stringValue=string",int],nullValue=***,objectArray=***,self=<<TESTOBJECT>>,shortArray=***,shortValue=***,stringList=***,stringValue=***]