ObfuscatingToStringStyleTest.TestObject[booleanArray=***,booleanValue=***,byteArray=***,byteValue=***,charArray=***,charValue=***,dateValue=***,doubleArray=***,doubleValue=***,floatArray=***,floatValue=***,intArray=***,intMap=***,intValue=***,longArray=***,longValue=***,nested=<TestObject>,notMatchedBooleanArray={true,false},notMatchedBooleanValue=true,notMatchedByteArray={7,8},notMatchedByteValue=4,notMatchedCharArray={B,C},notMatchedCharValue=A,notMatchedDateValue=Thu Jan 01 01:00:00 CET 1970,notMatchedDoubleArray={3.141592653589793,2.718281828459045},notMatchedDoubleValue=3.141592653589793,notMatchedFloatArray={1.5707964,1.3591409},notMatchedFloatValue=2.7182817,notMatchedIntArray={3,4},notMatchedIntMap={foo=13,bar=14,<null>=<null>},notMatchedIntValue=2,notMatchedLongArray={1,2},notMatchedLongValue=1,notMatchedNullValue=<null>,notMatchedObjectArray={1,foo,<null>},notMatchedShortArray={5,6},notMatchedShortValue=3,notMatchedStringList=[foo,bar,<null>],notMatchedStringValue=string",int,notObfuscated=<TestObject>,nullValue=***,objectArray=***,self=<<TESTOBJECT>>,shortArray=***,shortValue=***,stringList=***,stringValue=***]